exports[`test renders minions 1`] = `
<div>
  <div
    className="Minion">
    <h2 />
    <h3 />
    <p />
  </div>
  <div
    className="Minion">
    <h2 />
    <h3 />
    <p />
  </div>
  <div
    className="Minion">
    <h2 />
    <h3 />
    <p />
  </div>
</div>
`;

exports[`test renders without crashing 1`] = `
<div>
  <p>
    There\'s no minions yet. You should add one!
  </p>
</div>
`;
