exports[`test renderForm renders without crashing 1`] = `
<div
  className="Minions pa4">
  <h1>
    Minions
  </h1>
  <div>
    <p>
      There\'s no minions yet. You should add one!
    </p>
  </div>
  <div
    className="MinionForm bg-light-blue">
    <div
      className="form-body">
      <h1>
        Add a new minion
      </h1>
      <div
        className="flex h-100 w-100 justify-between">
        <div
          className="flex flex-column justify-around w-100">
          <div
            className="mv2">
            <label
              className="db"
              htmlFor="name">
              Name
            </label>
            <input
              className="pa2 input-reset ba bg-transparent w-100 bw1 b--near-black"
              id="name"
              name="name"
              onChange={[Function]}
              placeholder="Bob"
              type="text" />
          </div>
          <div
            className="mv2">
            <label
              className="db"
              htmlFor="brand">
              Brand
            </label>
            <input
              className="pa2 input-reset ba bg-transparent w-100 bw1 b--near-black"
              id="brand"
              name="brand"
              onChange={[Function]}
              placeholder="Business"
              type="text" />
          </div>
          <div
            className="mv2">
            <label
              className="db"
              htmlFor="description">
              Description
            </label>
            <textArea
              className="pa2 input-reset ba bg-transparent w-100 bw1 b--near-black"
              id="description"
              name="description"
              onChange={[Function]}
              placeholder="looks like a bob to me"
              rows={5}
              type="text" />
          </div>
        </div>
      </div>
    </div>
    <div
      className="HoverActionButton bg-near-white"
      onClick={[Function]}>
      <p>
        Submit
      </p>
    </div>
  </div>
  <div
    className="HoverButton bg-near-white"
    onClick={[Function]}>
    <i
      className="fa fa-close fa-2x" />
  </div>
</div>
`;

exports[`test renders without crashing 1`] = `
<div
  className="Minions pa4">
  <h1>
    Minions
  </h1>
  <div>
    <p>
      There\'s no minions yet. You should add one!
    </p>
  </div>
  <div
    className="HoverButton bg-light-blue"
    onClick={[Function]}>
    <i
      className="fa fa-plus fa-2x" />
  </div>
</div>
`;
